// Jest Snapshot v1, https://goo.gl/fbAQLP

exports[`Pipeline component should match previous snapshot 1`] = `
<div
  class="sc-bczRLJ HfAct"
  data-testid="pipeline-section-test"
>
  <div
    class="sc-gsnTZi bJBqjV"
    data-testid="node-test"
  >
    <p>
      query
    </p>
  </div>
  <div
    class="sc-dkzDqf eQXDNY"
  >
    <div
      class="sc-hKMtZM bZnjne"
    />
    <svg
      data-testid="add-node-test"
      height="1em"
      viewBox="0 0 32 32"
      width="1em"
      xml:space="preserve"
      xmlns="http://www.w3.org/2000/svg"
    >
      <path
        d="M16 4c6.6 0 12 5.4 12 12s-5.4 12-12 12S4 22.6 4 16 9.4 4 16 4m0-2C8.3 2 2 8.3 2 16s6.3 14 14 14 14-6.3 14-14S23.7 2 16 2z"
        style="fill: currentColor;"
      />
      <path
        d="M24 15h-7V8h-2v7H8v2h7v7h2v-7h7z"
        style="fill: currentColor;"
      />
      <path
        d="M0 0h32v32H0z"
        style="fill: none;"
      />
    </svg>
    <div
      class="sc-hKMtZM bZnjne"
    />
  </div>
  <div
    class="sc-gsnTZi bJBqjV"
    data-testid="node-test"
  >
    <p>
      retriever
    </p>
    <svg
      data-testid="remove-node-test"
      height="1em"
      viewBox="0 0 32 32"
      width="1em"
      xmlns="http://www.w3.org/2000/svg"
    >
      <path
        d="M12 12h2v12h-2zM18 12h2v12h-2z"
        style="fill: currentColor;"
      />
      <path
        d="M4 6v2h2v20a2 2 0 0 0 2 2h16a2 2 0 0 0 2-2V8h2V6Zm4 22V8h16v20ZM12 2h8v2h-8z"
        style="fill: currentColor;"
      />
      <path
        d="M0 0h32v32H0z"
        data-name="<Transparent Rectangle>"
        style="fill: none;"
      />
    </svg>
  </div>
  <div
    class="sc-dkzDqf eQXDNY"
  >
    <div
      class="sc-hKMtZM bZnjne"
    />
    <svg
      data-testid="add-node-test"
      height="1em"
      viewBox="0 0 32 32"
      width="1em"
      xml:space="preserve"
      xmlns="http://www.w3.org/2000/svg"
    >
      <path
        d="M16 4c6.6 0 12 5.4 12 12s-5.4 12-12 12S4 22.6 4 16 9.4 4 16 4m0-2C8.3 2 2 8.3 2 16s6.3 14 14 14 14-6.3 14-14S23.7 2 16 2z"
        style="fill: currentColor;"
      />
      <path
        d="M24 15h-7V8h-2v7H8v2h7v7h2v-7h7z"
        style="fill: currentColor;"
      />
      <path
        d="M0 0h32v32H0z"
        style="fill: none;"
      />
    </svg>
    <div
      class="sc-hKMtZM bZnjne"
    />
  </div>
  <div
    class="sc-gsnTZi bJBqjV"
    data-testid="node-test"
  >
    <p>
      reader
    </p>
    <svg
      data-testid="remove-node-test"
      height="1em"
      viewBox="0 0 32 32"
      width="1em"
      xmlns="http://www.w3.org/2000/svg"
    >
      <path
        d="M12 12h2v12h-2zM18 12h2v12h-2z"
        style="fill: currentColor;"
      />
      <path
        d="M4 6v2h2v20a2 2 0 0 0 2 2h16a2 2 0 0 0 2-2V8h2V6Zm4 22V8h16v20ZM12 2h8v2h-8z"
        style="fill: currentColor;"
      />
      <path
        d="M0 0h32v32H0z"
        data-name="<Transparent Rectangle>"
        style="fill: none;"
      />
    </svg>
  </div>
  <div
    class="sc-dkzDqf eQXDNY"
  >
    <div
      class="sc-hKMtZM bZnjne"
    />
    <svg
      data-testid="add-node-test"
      height="1em"
      viewBox="0 0 32 32"
      width="1em"
      xml:space="preserve"
      xmlns="http://www.w3.org/2000/svg"
    >
      <path
        d="M16 4c6.6 0 12 5.4 12 12s-5.4 12-12 12S4 22.6 4 16 9.4 4 16 4m0-2C8.3 2 2 8.3 2 16s6.3 14 14 14 14-6.3 14-14S23.7 2 16 2z"
        style="fill: currentColor;"
      />
      <path
        d="M24 15h-7V8h-2v7H8v2h7v7h2v-7h7z"
        style="fill: currentColor;"
      />
      <path
        d="M0 0h32v32H0z"
        style="fill: none;"
      />
    </svg>
  </div>
</div>
`;
